
> magic-room@0.1.0 test C:\Users\thaka\Local\Cursor\magic-room
> vitest

pnpm : [33mThe CJS build of Vite's Node API is deprecated. See https://vite.dev/guide/troubleshooting.html#vite-cjs-no
de-api-deprecated for more details.[39m
At C:\Users\thaka\AppData\Local\Temp\ps-script-905dcadd-4074-4a6d-9272-ddfd16c66d46.ps1:83 char:46
+ ... ka\Local\Cursor\magic-room"; pnpm test 2>&1 > test_output.txt; cat te ...
+                                  ~~~~~~~~~~~~~~~~~~~~~~~~~~~~~~~~
    + CategoryInfo          : NotSpecified: ([33mThe CJS bu...e details.[39m:String) [], RemoteException
    + FullyQualifiedErrorId : NativeCommandError
 

 DEV  v2.1.9 C:/Users/thaka/Local/Cursor/magic-room

 Γ£ô tests/stores/user-store.test.ts (14 tests) 11ms
 Γ£ô tests/stores/generation-store.test.ts (7 tests) 11ms
 Γ¥» tests/lib/supabase.test.ts (0 test)
 Γ£ô tests/app/api/webhooks/stripe/route.test.ts (8 tests) 14ms
 Γ£ô tests/app/api/checkout/route.test.ts (9 tests) 13ms

ΓÄ»ΓÄ»ΓÄ»ΓÄ»ΓÄ»ΓÄ» Failed Suites 1 ΓÄ»ΓÄ»ΓÄ»ΓÄ»ΓÄ»ΓÄ»ΓÄ»

 FAIL  tests/lib/supabase.test.ts [ tests/lib/supabase.test.ts ]
Error: [vitest] There was an error when mocking a module. If you are using "vi.mock" factory, make sure there are no to
p level variables inside, since this call is hoisted to top of the file. Read more: https://vitest.dev/api/vi.html#vi-m
ock
Caused by: ReferenceError: Cannot access 'mockFromFn' before initialization
 Γ¥» tests/lib/supabase.test.ts:10:14
 Γ¥» lib/supabase.ts:1:1

ΓÄ»ΓÄ»ΓÄ»ΓÄ»ΓÄ»ΓÄ»ΓÄ»ΓÄ»ΓÄ»ΓÄ»ΓÄ»ΓÄ»ΓÄ»ΓÄ»ΓÄ»ΓÄ»ΓÄ»ΓÄ»ΓÄ»ΓÄ»ΓÄ»ΓÄ»ΓÄ»ΓÄ»[1/1]ΓÄ»

 Test Files  1 failed | 4 passed (5)
      Tests  38 passed (38)
   Start at  11:00:05
   Duration  2.70s (transform 647ms, setup 0ms, collect 1.70s, tests 48ms, environment 6.97s, prepare 1.03s)

 FAIL  Tests failed. Watching for file changes...
       press h to show help, press q to quit
c[3J RERUN  tests/lib/supabase.test.ts x1 


ΓÄ»ΓÄ»ΓÄ»ΓÄ»ΓÄ»ΓÄ» Failed Suites 1 ΓÄ»ΓÄ»ΓÄ»ΓÄ»ΓÄ»ΓÄ»ΓÄ»

 FAIL  tests/lib/supabase.test.ts [ tests/lib/supabase.test.ts ]
Error: [vitest] There was an error when mocking a module. If you are using "vi.mock" factory, make sure there are no to
p level variables inside, since this call is hoisted to top of the file. Read more: https://vitest.dev/api/vi.html#vi-m
ock
Caused by: Caused by: ReferenceError: Cannot access 'mockFromFn' before initialization
 Γ¥» tests/lib/supabase.test.ts:10:14
 Γ¥» lib/supabase.ts:1:1

ΓÄ»ΓÄ»ΓÄ»ΓÄ»ΓÄ»ΓÄ»ΓÄ»ΓÄ»ΓÄ»ΓÄ»ΓÄ»ΓÄ»ΓÄ»ΓÄ»ΓÄ»ΓÄ»ΓÄ»ΓÄ»ΓÄ»ΓÄ»ΓÄ»ΓÄ»ΓÄ»ΓÄ»[1/1]ΓÄ»

ΓÄ»ΓÄ»ΓÄ»ΓÄ»ΓÄ»ΓÄ» Unhandled Errors ΓÄ»ΓÄ»ΓÄ»ΓÄ»ΓÄ»ΓÄ»

Vitest caught 1 unhandled error during the test run.
This might cause false positive tests. Resolve unhandled errors to make sure your tests are not affected.

ΓÄ»ΓÄ»ΓÄ»ΓÄ»ΓÄ»ΓÄ» Unhandled Error ΓÄ»ΓÄ»ΓÄ»ΓÄ»ΓÄ»ΓÄ»ΓÄ»
Error: ENOENT: no such file or directory, open 'C:\Users\thaka\Local\Cursor\magic-room\tests\lib\supabase.test.ts'
 Γ¥» open node:internal/fs/promises:642:25
 Γ¥» Object.readFile node:internal/fs/promises:1279:14
 Γ¥» node_modules/.pnpm/vitest@2.1.9_@types+node@20_f8c221e5324f1beecf5ea7f35fde7719/node_modules/vitest/dist/chunks/re
solveConfig.rBxzbVsl.js:6558:20
 Γ¥» groupFilesByEnv node_modules/.pnpm/vitest@2.1.9_@types+node@20_f8c221e5324f1beecf5ea7f35fde7719/node_modules/vites
t/dist/chunks/resolveConfig.rBxzbVsl.js:6554:24
 Γ¥» Object.runTests node_modules/.pnpm/vitest@2.1.9_@types+node@20_f8c221e5324f1beecf5ea7f35fde7719/node_modules/vites
t/dist/chunks/resolveConfig.rBxzbVsl.js:6809:28
 Γ¥» executeTests node_modules/.pnpm/vitest@2.1.9_@types+node@20_f8c221e5324f1beecf5ea7f35fde7719/node_modules/vitest/d
ist/chunks/resolveConfig.rBxzbVsl.js:7681:5
 Γ¥» node_modules/.pnpm/vitest@2.1.9_@types+node@20_f8c221e5324f1beecf5ea7f35fde7719/node_modules/vitest/dist/chunks/cl
i-api.DqsSTaIi.js:10818:9
 Γ¥» Vitest.runFiles node_modules/.pnpm/vitest@2.1.9_@types+node@20_f8c221e5324f1beecf5ea7f35fde7719/node_modules/vites
t/dist/chunks/cli-api.DqsSTaIi.js:10840:12

ΓÄ»ΓÄ»ΓÄ»ΓÄ»ΓÄ»ΓÄ»ΓÄ»ΓÄ»ΓÄ»ΓÄ»ΓÄ»ΓÄ»ΓÄ»ΓÄ»ΓÄ»ΓÄ»ΓÄ»ΓÄ»ΓÄ»ΓÄ»ΓÄ»ΓÄ»ΓÄ»ΓÄ»ΓÄ»ΓÄ»ΓÄ»ΓÄ»ΓÄ»ΓÄ»
Serialized Error: { errno: -4058, code: 'ENOENT', syscall: 'open', path: 'C:\Users\thaka\Local\Cursor\magic-room\tests\
lib\supabase.test.ts' }
ΓÄ»ΓÄ»ΓÄ»ΓÄ»ΓÄ»ΓÄ»ΓÄ»ΓÄ»ΓÄ»ΓÄ»ΓÄ»ΓÄ»ΓÄ»ΓÄ»ΓÄ»ΓÄ»ΓÄ»ΓÄ»ΓÄ»ΓÄ»ΓÄ»ΓÄ»ΓÄ»ΓÄ»ΓÄ»ΓÄ»ΓÄ»ΓÄ»ΓÄ»ΓÄ»

 Test Files  1 failed (1)
      Tests  no tests
     Errors  1 error
   Start at  11:01:36
   Duration  0ms

 FAIL  Tests failed. Watching for file changes...
       press h to show help, press q to quit
[1;1H[JTest removed... [ tests/lib/supabase.test.ts ]


ΓÄ»ΓÄ»ΓÄ»ΓÄ» Unhandled Rejection ΓÄ»ΓÄ»ΓÄ»ΓÄ»ΓÄ»
TypeError: Cannot read properties of undefined (reading 'logUpdate')
 Γ¥» createListRenderer node_modules/.pnpm/vitest@2.1.9_@types+node@20_f8c221e5324f1beecf5ea7f35fde7719/node_modules/vi
test/dist/chunks/index.DsZFoqi9.js:3945:30
 Γ¥» DefaultReporter.onTestRemoved node_modules/.pnpm/vitest@2.1.9_@types+node@20_f8c221e5324f1beecf5ea7f35fde7719/node
_modules/vitest/dist/chunks/index.DsZFoqi9.js:4030:5
 Γ¥» node_modules/.pnpm/vitest@2.1.9_@types+node@20_f8c221e5324f1beecf5ea7f35fde7719/node_modules/vitest/dist/chunks/cl
i-api.DqsSTaIi.js:11194:58
 Γ¥» Vitest.report node_modules/.pnpm/vitest@2.1.9_@types+node@20_f8c221e5324f1beecf5ea7f35fde7719/node_modules/vitest/
dist/chunks/cli-api.DqsSTaIi.js:11194:38
 Γ¥» FSWatcher.onUnlink node_modules/.pnpm/vitest@2.1.9_@types+node@20_f8c221e5324f1beecf5ea7f35fde7719/node_modules/vi
test/dist/chunks/cli-api.DqsSTaIi.js:11024:12
 Γ¥» FSWatcher.emit node:events:520:35
 Γ¥» node_modules/.pnpm/vite@5.4.21_@types+node@20.19.27_lightningcss@1.30.2/node_modules/vite/dist/node/chunks/dep-BK3
b2jBa.js:44415:16
 Γ¥» Timeout._onTimeout node_modules/.pnpm/vite@5.4.21_@types+node@20.19.27_lightningcss@1.30.2/node_modules/vite/dist/
node/chunks/dep-BK3b2jBa.js:44414:30




ΓÇëELIFECYCLEΓÇë Test failed. See above for more details.
